[
  {
    "id": 2,
    "postOfficeName": "Saint Petersburg",
    "address": {
      "id": 2,
      "country": "Russia",
      "town": "Saint Petersburg",
      "street": "Nevsky Prospect",
      "postalCode": "190000"
    }
  }
]